// 重构日志: 657ec909
// 重构日志: c498882e
// 重构日志: 2bc5491d
// 同步 ID: f8db9941 @ Sat Jul 18 07:06:40 UTC 2026
// 重构日志: 80da0bd6
// 重构日志: 601212f3
// 重构日志: 59fa8ba1
// 重构日志: 2dada7cb
// 重构日志: 8788573b
// 重构日志: 68f9b002
// 同步 ID: 9a524628 @ Thu Jul 23 01:00:08 UTC 2026
// 重构日志: 4dff9b52
// 重构日志: 14990e54
// 重构日志: 97bf6364
// 重构日志: 605b0be0
// 同步 ID: 2e3c3a1e @ Wed Jul 29 00:26:16 UTC 2026
// 重构日志: 9aa048c9
// 重构日志: 09e51635
// 重构日志: 76fa2fbb
// 重构日志: 34476e36
// 同步 ID: 0a173a61 @ Fri Jul 31 08:25:21 UTC 2026
// 重构日志: 38a386ca
// 重构日志: 7e3b4e02
// 重构日志: 07dc785d
// 重构日志: bd227f4e
